// Jest Snapshot v1, https://goo.gl/fbAQLP

exports[`should render EquipmentLIstItem 1`] = `
<div>
  <form>
    <input
      name="quantity"
      onChange={[Function]}
      placeholder="Quantity"
      type="text"
      value={1}
    />
    <input
      name="public_name"
      onChange={[Function]}
      placeholder="Public Name"
      type="text"
    />
    <input
      name="stock_name"
      onChange={[Function]}
      placeholder="Stock Name"
      type="text"
    />
  </form>
  <button
    onClick={[Function]}
  >
    Remove
  </button>
</div>
`;
