// Jest Snapshot v1, https://goo.gl/fbAQLP

exports[`should render EquipmentKit 1`] = `
<WithStyles(TableBody)
  key="-LVhrOS4ykvYnzhPZ-1c-body"
>
  <WithStyles(TableRow)
    key="-LVhrOS4ykvYnzhPZ-1c-row"
  >
    <WithStyles(TableCell)
      key="-LVhrOS4ykvYnzhPZ-1c-cell-1"
    >
      <WithStyles(Checkbox) />
      <WithStyles(IconButton)
        aria-label="Expand"
        className="expand-button"
        onClick={[Function]}
      >
        <WithStyles(Icon)
          color="primary"
        >
          arrow_drop_down
        </WithStyles(Icon)>
      </WithStyles(IconButton)>
    </WithStyles(TableCell)>
    <WithStyles(TableCell)
      key="-LVhrOS4ykvYnzhPZ-1c-cell-2"
    >
      1
    </WithStyles(TableCell)>
    <WithStyles(TableCell)
      colSpan="2"
      key="-LVhrOS4ykvYnzhPZ-1c-cell-3"
    >
      EquipmentKit
    </WithStyles(TableCell)>
    <WithStyles(TableCell)
      key="-LVhrOS4ykvYnzhPZ-1c-cell-4"
    >
      <WithStyles(IconButton)
        aria-label="Delete"
        className="delbutton"
        onClick={[Function]}
      >
        <pure(DeleteIcon) />
      </WithStyles(IconButton)>
    </WithStyles(TableCell)>
  </WithStyles(TableRow)>
</WithStyles(TableBody)>
`;
