// Jest Snapshot v1, https://goo.gl/fbAQLP

exports[`should render EquipmentLIstItem 1`] = `
<WithStyles(TableRow)
  key="OJZIJDOIJAOD-row"
>
  <WithStyles(TableCell)>
    <WithStyles(Checkbox) />
  </WithStyles(TableCell)>
  <WithStyles(TableCell)
    key="OJZIJDOIJAOD-cell-1"
  >
    1
  </WithStyles(TableCell)>
  <WithStyles(TableCell)
    key="OJZIJDOIJAOD-cell-2"
  />
  <WithStyles(TableCell)
    key="OJZIJDOIJAOD-cell-3"
  >
    sm57
  </WithStyles(TableCell)>
  <WithStyles(TableCell)
    key="OJZIJDOIJAOD-cell-4"
  >
    <WithStyles(IconButton)
      aria-label="Delete"
      className="delbutton"
      onClick={[Function]}
    >
      <pure(DeleteIcon) />
    </WithStyles(IconButton)>
  </WithStyles(TableCell)>
</WithStyles(TableRow)>
`;
