// Jest Snapshot v1, https://goo.gl/fbAQLP

exports[`should render EquipmentAddForm 1`] = `
<WithStyles(TableFooter)>
  <WithStyles(TableRow)
    className="addForm-row"
  >
    <WithStyles(TableCell) />
    <WithStyles(TableCell)
      colSpan="4"
    >
      <form
        onSubmit={[Function]}
      >
        <input
          autoFocus={true}
          name="quantity"
          onChange={[Function]}
          placeholder=""
          type="text"
          value=""
        />
        <input
          name="publicName"
          onChange={[Function]}
          placeholder=""
          type="text"
          value=""
        />
        <WithStyles(IconButton)
          aria-label="Add"
          className="add-button"
          type="submit"
        >
          <WithStyles(Icon)
            color="primary"
          >
            add_circle
          </WithStyles(Icon)>
        </WithStyles(IconButton)>
      </form>
    </WithStyles(TableCell)>
  </WithStyles(TableRow)>
</WithStyles(TableFooter)>
`;
