// Jest Snapshot v1, https://goo.gl/fbAQLP

exports[`should render EquipmentList 1`] = `
<WithStyles(Table)
  style={
    Object {
      "width": 1200,
    }
  }
>
  <WithStyles(TableHead)>
    <WithStyles(TableRow)>
      <WithStyles(TableCell)>
        <WithStyles(Checkbox) />
      </WithStyles(TableCell)>
      <WithStyles(TableCell)
        key="quantity"
      >
        <WithStyles(Tooltip)
          enterDelay={300}
          placement="bottom-end"
          title="Trier"
        >
          <WithStyles(TableSortLabel)
            active={false}
            direction="asc"
            onClick={[Function]}
          >
            Quantité
          </WithStyles(TableSortLabel)>
        </WithStyles(Tooltip)>
      </WithStyles(TableCell)>
      <WithStyles(TableCell)
        key="name"
      >
        <WithStyles(Tooltip)
          enterDelay={300}
          placement="bottom-end"
          title="Trier"
        >
          <WithStyles(TableSortLabel)
            active={false}
            direction="asc"
            onClick={[Function]}
          >
            Nom
          </WithStyles(TableSortLabel)>
        </WithStyles(Tooltip)>
      </WithStyles(TableCell)>
      <WithStyles(TableCell)
        key="description"
      >
        <WithStyles(Tooltip)
          enterDelay={300}
          placement="bottom-end"
          title="Trier"
        >
          <WithStyles(TableSortLabel)
            active={false}
            direction="asc"
            onClick={[Function]}
          >
            Description
          </WithStyles(TableSortLabel)>
        </WithStyles(Tooltip)>
      </WithStyles(TableCell)>
      <WithStyles(TableCell) />
    </WithStyles(TableRow)>
  </WithStyles(TableHead)>
  <Connect(sortableElement)
    equipment={
      Object {
        "category": "microphone",
        "id": "1",
        "parentId": null,
        "parentName": null,
        "quantity": 1,
        "stockName": "sm57",
      }
    }
    index={0}
    key="1"
  />
  <Connect(sortableElement)
    equipment={
      Object {
        "category": "other",
        "id": "2",
        "parentId": null,
        "parentName": null,
        "quantity": 1,
        "stockName": "B91",
      }
    }
    index={1}
    key="2"
  />
  <Connect(sortableElement)
    equipment={
      Object {
        "category": "microphone",
        "id": "3",
        "parentId": null,
        "parentName": null,
        "quantity": 5,
        "stockName": "B52",
      }
    }
    index={2}
    key="3"
  />
  <sortableElement(Connect(Component))
    collection={0}
    index={3}
    key="4"
    kit={
      Object {
        "category": "kit",
        "id": "4",
        "parentId": null,
        "parentName": null,
        "quantity": 1,
        "stockName": "kit1",
      }
    }
  >
    <Connect(Component)
      equipment={
        Object {
          "category": "microphone",
          "id": "5",
          "parentId": "4",
          "parentName": "kit1",
          "quantity": 3,
          "stockName": "sm57",
        }
      }
      key="5"
    />
    <Connect(Component)
      equipment={
        Object {
          "category": "microphone",
          "id": "6",
          "parentId": "4",
          "parentName": "kit1",
          "quantity": 10,
          "stockName": "B52",
        }
      }
      key="6"
    />
    <Connect(Component)
      equipment={
        Object {
          "category": "other",
          "id": "7",
          "parentId": "4",
          "parentName": "kit1",
          "quantity": 5,
          "stockName": "B91",
        }
      }
      key="7"
    />
  </sortableElement(Connect(Component))>
  <Connect(Component) />
</WithStyles(Table)>
`;

exports[`should render SortableComponent 1`] = `
<div>
  <Connect(sortableList(EquipmentList))
    distance={10}
    onSortEnd={[Function]}
    shouldCancelStart={[Function]}
  />
</div>
`;
