// Jest Snapshot v1, https://goo.gl/fbAQLP

exports[`should render ProjectPicker 1`] = `
<WithStyles(WithFormControlContext(Select))
  native={true}
  onChange={[Function]}
  value="idp1"
>
  <option
    value=""
  >
    Selectionner
  </option>
  <option
    key="idp1"
    value="idp1"
  >
    projet1
  </option>
  <option
    key="idp2"
    value="idp2"
  >
    projet2
  </option>
</WithStyles(WithFormControlContext(Select))>
`;
